[PEX] Starting
[PEX] Trading 2 products: Wine Avocado
[PEX] Created FIFO /tmp/pe_exchange_0
[PEX] Created FIFO /tmp/pe_trader_0
[PEX] Starting trader 0 (./trader1)
[PEX] Connected to /tmp/pe_exchange_0
[PEX] Connected to /tmp/pe_trader_0
[PEX] [T0] Parsing command: <BUY 0 Avocado 50>
[PEX] [T0] Parsing command: <BUY 0 Avocado>
[PEX] [T0] Parsing command: <BUY 0 Avocado 50 100 100>
[PEX] [T0] Parsing command: <BUY 0 Avocado 50 100 1 2 3 4>
[PEX] [T0] Parsing command: <>
[PEX] [T0] Parsing command: <SELL 0 Avocado 50>
[PEX] [T0] Parsing command: <SELL 0 Avocado>
[PEX] [T0] Parsing command: <SELL 0 Avocado 50 100 100>
[PEX] [T0] Parsing command: <SELL 0 Avocado 50 100 1 2 3 4>
[PEX] [T0] Parsing command: <BUY 0 Avocado 50 100>
[PEX]	--ORDERBOOK--
[PEX]	Product: Wine; Buy levels: 0; Sell levels: 0
[PEX]	Product: Avocado; Buy levels: 1; Sell levels: 0
[PEX]		BUY 50 @ $100 (1 order)
[PEX]	--POSITIONS--
[PEX]	Trader 0: Wine 0 ($0), Avocado 0 ($0)
[PEX] [T0] Parsing command: <AMEND 0 60>
[PEX] [T0] Parsing command: <AMEND 0>
[PEX] [T0] Parsing command: <AMEND 0 60 110 100>
[PEX] [T0] Parsing command: <AMEND 0 60 110 1 2 3 4>
[PEX] [T0] Parsing command: <CANCEL>
[PEX] [T0] Parsing command: <CANCEL 1 2 3 4>
[PEX] Trader 0 disconnected
[PEX] Trading completed
[PEX] Exchange fees collected: $0
